[dmitryvolkov.me/demo/flixgo2.0/admin/index.html]
[dmitryvolkov.me/demo/flixgo2.0/admin/css/bootstrap-reboot.min.css]
[dmitryvolkov.me/demo/flixgo2.0/admin/css/bootstrap-grid.min.css]
[dmitryvolkov.me/demo/flixgo2.0/admin/css/magnific-popup.css]
[dmitryvolkov.me/demo/flixgo2.0/admin/css/jquery.mCustomScrollbar.min.css]
[dmitryvolkov.me/demo/flixgo2.0/admin/css/select2.min.css]
[dmitryvolkov.me/demo/flixgo2.0/admin/css/admin.css]
[dmitryvolkov.me/demo/flixgo2.0/admin/icon/favicon-32x32.png]
[backblue.gif]
[fade.gif]
[index.html]
[dmitryvolkov.me/demo/flixgo2.0/admin/img/logo.svg]
[dmitryvolkov.me/demo/flixgo2.0/admin/img/user.svg]
[dmitryvolkov.me/demo/flixgo2.0/admin/catalog.html]
[dmitryvolkov.me/demo/flixgo2.0/admin/users.html]
[dmitryvolkov.me/demo/flixgo2.0/admin/comments.html]
[dmitryvolkov.me/demo/flixgo2.0/admin/reviews.html]
[dmitryvolkov.me/demo/flixgo2.0/admin/add-item.html]
[dmitryvolkov.me/demo/flixgo2.0/admin/edit-user.html]
[dmitryvolkov.me/demo/flixgo2.0/admin/signin.html]
[dmitryvolkov.me/demo/flixgo2.0/admin/signup.html]
[dmitryvolkov.me/demo/flixgo2.0/admin/forgot.html]
[dmitryvolkov.me/demo/flixgo2.0/admin/404.html]
[dmitryvolkov.me/demo/flixgo2.0/admin/img/graph-bar.svg]
[dmitryvolkov.me/demo/flixgo2.0/admin/img/film.svg]
[dmitryvolkov.me/demo/flixgo2.0/admin/img/comments.svg]
[dmitryvolkov.me/demo/flixgo2.0/admin/img/star-half-alt.svg]
[dmitryvolkov.me/demo/flixgo2.0/admin/img/award.svg]
[dmitryvolkov.me/demo/flixgo2.0/admin/img/user-circle.svg]
[dmitryvolkov.me/demo/flixgo2.0/admin/js/jquery-3.6.0.min.js]
[dmitryvolkov.me/demo/flixgo2.0/admin/js/bootstrap.bundle.min.js]
[dmitryvolkov.me/demo/flixgo2.0/admin/js/jquery.magnific-popup.min.js]
[dmitryvolkov.me/demo/flixgo2.0/admin/js/jquery.mousewheel.min.js]
[dmitryvolkov.me/demo/flixgo2.0/admin/js/jquery.mCustomScrollbar.min.js]
[dmitryvolkov.me/demo/flixgo2.0/admin/js/select2.min.js]
[dmitryvolkov.me/demo/flixgo2.0/admin/js/admin.js]
[dmitryvolkov.me/demo/flixgo2.0/admin/index.html]
[dmitryvolkov.me/demo/flixgo2.0/admin/css/bootstrap-reboot.min.css]
[dmitryvolkov.me/demo/flixgo2.0/admin/css/bootstrap-grid.min.css]
[dmitryvolkov.me/demo/flixgo2.0/admin/css/magnific-popup.css]
[dmitryvolkov.me/demo/flixgo2.0/admin/css/mCSB_buttons.21.delayed]
[dmitryvolkov.me/demo/flixgo2.0/admin/css/jquery.mCustomScrollbar.min.css]
[dmitryvolkov.me/demo/flixgo2.0/admin/css/select2.min.css]
[dmitryvolkov.me/demo/flixgo2.0/admin/img/star.svg]
[dmitryvolkov.me/demo/flixgo2.0/admin/img/clapper-board.svg]
[dmitryvolkov.me/demo/flixgo2.0/admin/img/images.svg]
[dmitryvolkov.me/demo/flixgo2.0/admin/img/check.svg]
[dmitryvolkov.me/demo/flixgo2.0/admin/css/admin.css]
[dmitryvolkov.me/demo/flixgo2.0/admin/img/logo.svg]
[dmitryvolkov.me/demo/flixgo2.0/admin/img/user.svg]
[dmitryvolkov.me/demo/flixgo2.0/admin/catalog.html]
[dmitryvolkov.me/demo/flixgo2.0/admin/users.html]
[dmitryvolkov.me/demo/flixgo2.0/admin/comments.html]
[dmitryvolkov.me/demo/flixgo2.0/admin/reviews.html]
[dmitryvolkov.me/demo/flixgo2.0/admin/add-item.html]
[dmitryvolkov.me/demo/flixgo2.0/admin/edit-user.html]
[dmitryvolkov.me/demo/flixgo2.0/admin/signin.html]
[dmitryvolkov.me/demo/flixgo2.0/admin/signup.html]
[dmitryvolkov.me/demo/flixgo2.0/admin/img/section/section.jpg]
[dmitryvolkov.me/demo/flixgo2.0/admin/privacy.27.delayed]
[dmitryvolkov.me/demo/flixgo2.0/admin/forgot.html]
[dmitryvolkov.me/demo/flixgo2.0/admin/404.html]
[dmitryvolkov.me/demo/flixgo2.0/admin/img/graph-bar.svg]
[dmitryvolkov.me/demo/flixgo2.0/admin/img/film.svg]
[dmitryvolkov.me/demo/flixgo2.0/admin/img/comments.svg]
[dmitryvolkov.me/demo/flixgo2.0/admin/img/star-half-alt.svg]
[dmitryvolkov.me/demo/flixgo2.0/admin/img/award.svg]
[dmitryvolkov.me/demo/flixgo2.0/admin/img/user-circle.svg]
[dmitryvolkov.me/demo/flixgo2.0/admin/css/mCSB_buttons.html]
[dmitryvolkov.me/demo/flixgo2.0/admin/img/star.svg]
[dmitryvolkov.me/demo/flixgo2.0/admin/img/clapper-board.svg]
[dmitryvolkov.me/demo/flixgo2.0/admin/img/images.svg]
[dmitryvolkov.me/demo/flixgo2.0/admin/img/check.svg]
[dmitryvolkov.me/demo/flixgo2.0/admin/privacy.html]
