[dmitryvolkov.me/demo/flixgo2.0/main/index.html]
[dmitryvolkov.me/demo/flixgo2.0/main/css/bootstrap-reboot.min.css]
[dmitryvolkov.me/demo/flixgo2.0/main/css/bootstrap-grid.min.css]
[dmitryvolkov.me/demo/flixgo2.0/main/css/owl.carousel.min.css]
[dmitryvolkov.me/demo/flixgo2.0/main/css/jquery.mCustomScrollbar.min.css]
[dmitryvolkov.me/demo/flixgo2.0/main/css/nouislider.min.css]
[dmitryvolkov.me/demo/flixgo2.0/main/css/plyr.css]
[dmitryvolkov.me/demo/flixgo2.0/main/css/photoswipe.css]
[dmitryvolkov.me/demo/flixgo2.0/main/css/default-skin.css]
[dmitryvolkov.me/demo/flixgo2.0/main/css/main.css]
[dmitryvolkov.me/demo/flixgo2.0/main/icon/favicon-32x32.png]
[backblue.gif]
[fade.gif]
[index.html]
[dmitryvolkov.me/demo/flixgo2.0/main/img/logo.svg]
[dmitryvolkov.me/demo/flixgo2.0/main/index2.html]
[dmitryvolkov.me/demo/flixgo2.0/main/catalog1.html]
[dmitryvolkov.me/demo/flixgo2.0/main/catalog2.html]
[dmitryvolkov.me/demo/flixgo2.0/main/details1.html]
[dmitryvolkov.me/demo/flixgo2.0/main/details2.html]
[dmitryvolkov.me/demo/flixgo2.0/main/pricing.html]
[dmitryvolkov.me/demo/flixgo2.0/main/faq.html]
[dmitryvolkov.me/demo/flixgo2.0/main/about.html]
[dmitryvolkov.me/demo/flixgo2.0/main/profile.html]
[dmitryvolkov.me/demo/flixgo2.0/main/signin.html]
[dmitryvolkov.me/demo/flixgo2.0/main/signup.html]
[dmitryvolkov.me/demo/flixgo2.0/main/forgot.html]
[dmitryvolkov.me/demo/flixgo2.0/main/privacy.html]
[dmitryvolkov.me/demo/flixgo2.0/main/contacts.html]
[dmitryvolkov.me/demo/flixgo2.0/main/404.html]
[dmitryvolkov.me/demo/flixgo2.0/main/img/home/home__bg.jpg]
[dmitryvolkov.me/demo/flixgo2.0/main/img/home/home__bg2.jpg]
[dmitryvolkov.me/demo/flixgo2.0/main/img/home/home__bg3.jpg]
[dmitryvolkov.me/demo/flixgo2.0/main/img/covers/cover.jpg]
[dmitryvolkov.me/demo/flixgo2.0/main/img/covers/cover2.jpg]
[dmitryvolkov.me/demo/flixgo2.0/main/img/home/home__bg4.jpg]
[dmitryvolkov.me/demo/flixgo2.0/main/img/covers/cover3.jpg]
[dmitryvolkov.me/demo/flixgo2.0/main/img/covers/cover4.jpg]
[dmitryvolkov.me/demo/flixgo2.0/main/img/covers/cover5.jpg]
[dmitryvolkov.me/demo/flixgo2.0/main/img/covers/cover6.jpg]
[dmitryvolkov.me/demo/flixgo2.0/main/img/section/section.jpg]
[dmitryvolkov.me/demo/flixgo2.0/main/img/partners/themeforest-light-background.png]
[dmitryvolkov.me/demo/flixgo2.0/main/img/partners/audiojungle-light-background.png]
[dmitryvolkov.me/demo/flixgo2.0/main/img/partners/codecanyon-light-background.png]
[dmitryvolkov.me/demo/flixgo2.0/main/img/partners/photodune-light-background.png]
[dmitryvolkov.me/demo/flixgo2.0/main/img/partners/activeden-light-background.png]
[dmitryvolkov.me/demo/flixgo2.0/main/img/partners/3docean-light-background.png]
[dmitryvolkov.me/demo/flixgo2.0/main/img/Download_on_the_App_Store_Badge.svg]
[dmitryvolkov.me/demo/flixgo2.0/main/img/google-play-badge.png]
[dmitryvolkov.me/demo/flixgo2.0/main/js/jquery-3.6.0.min.js]
[dmitryvolkov.me/demo/flixgo2.0/main/js/bootstrap.bundle.min.js]
[dmitryvolkov.me/demo/flixgo2.0/main/js/owl.carousel.min.js]
[dmitryvolkov.me/demo/flixgo2.0/main/js/jquery.mousewheel.min.js]
[dmitryvolkov.me/demo/flixgo2.0/main/js/jquery.mCustomScrollbar.min.js]
[dmitryvolkov.me/demo/flixgo2.0/main/js/wNumb.js]
[dmitryvolkov.me/demo/flixgo2.0/main/js/nouislider.min.js]
[dmitryvolkov.me/demo/flixgo2.0/main/js/plyr.min.js]
[dmitryvolkov.me/demo/flixgo2.0/main/js/jquery.morelines.min.js]
[dmitryvolkov.me/demo/flixgo2.0/main/js/photoswipe.min.js]
[dmitryvolkov.me/demo/flixgo2.0/main/js/photoswipe-ui-default.min.js]
[dmitryvolkov.me/demo/flixgo2.0/main/js/main.js]
[dmitryvolkov.me/demo/flixgo2.0/main/index.html]
[dmitryvolkov.me/demo/flixgo2.0/main/css/bootstrap-reboot.min.css]
[dmitryvolkov.me/demo/flixgo2.0/main/css/bootstrap-grid.min.css]
[dmitryvolkov.me/demo/flixgo2.0/main/css/owl.video.play.3a.delayed]
[dmitryvolkov.me/demo/flixgo2.0/main/css/owl.carousel.min.css]
[dmitryvolkov.me/demo/flixgo2.0/main/css/mCSB_buttons.3b.delayed]
[dmitryvolkov.me/demo/flixgo2.0/main/css/jquery.mCustomScrollbar.min.css]
[dmitryvolkov.me/demo/flixgo2.0/main/css/nouislider.min.css]
[dmitryvolkov.me/demo/flixgo2.0/main/css/plyr.css]
[dmitryvolkov.me/demo/flixgo2.0/main/css/photoswipe.css]
[dmitryvolkov.me/demo/flixgo2.0/main/css/default-skin.3c.delayed]
[dmitryvolkov.me/demo/flixgo2.0/main/css/default-skin.3d.delayed]
[dmitryvolkov.me/demo/flixgo2.0/main/css/preloader.3e.delayed]
[dmitryvolkov.me/demo/flixgo2.0/main/css/default-skin.css]
[dmitryvolkov.me/demo/flixgo2.0/main/img/ellipsis-h.svg]
[dmitryvolkov.me/demo/flixgo2.0/main/img/arrow-right.svg]
[dmitryvolkov.me/demo/flixgo2.0/main/img/star.svg]
[dmitryvolkov.me/demo/flixgo2.0/main/img/angle-down.svg]
[dmitryvolkov.me/demo/flixgo2.0/main/img/check.svg]
[dmitryvolkov.me/demo/flixgo2.0/main/img/play.svg]
[dmitryvolkov.me/demo/flixgo2.0/main/img/multiply.svg]
[dmitryvolkov.me/demo/flixgo2.0/main/img/expand-arrows.svg]
[dmitryvolkov.me/demo/flixgo2.0/main/img/compress-arrows.svg]
[dmitryvolkov.me/demo/flixgo2.0/main/img/arrow-left.48.delayed]
[dmitryvolkov.me/demo/flixgo2.0/main/css/main.css]
[dmitryvolkov.me/demo/flixgo2.0/main/img/logo.svg]
[dmitryvolkov.me/demo/flixgo2.0/main/index2.html]
[dmitryvolkov.me/demo/flixgo2.0/main/catalog1.html]
[dmitryvolkov.me/demo/flixgo2.0/main/catalog2.html]
[cdn.plyr.io/static/demo/View_From_A_Blue_Moon_Trailer-HD.jpg]
[dmitryvolkov.me/demo/flixgo2.0/main/img/user.svg]
[dmitryvolkov.me/demo/flixgo2.0/main/img/gallery/project-1.jpg]
[dmitryvolkov.me/demo/flixgo2.0/main/img/gallery/project-3.jpg]
[dmitryvolkov.me/demo/flixgo2.0/main/img/gallery/project-4.jpg]
[dmitryvolkov.me/demo/flixgo2.0/main/details1.html]
[dmitryvolkov.me/demo/flixgo2.0/main/details2.html]
[dmitryvolkov.me/demo/flixgo2.0/main/pricing.html]
[dmitryvolkov.me/demo/flixgo2.0/main/faq.html]
[dmitryvolkov.me/demo/flixgo2.0/main/about.html]
[dmitryvolkov.me/demo/flixgo2.0/main/img/gallery/project-5.jpg]
[dmitryvolkov.me/demo/flixgo2.0/main/img/credit-card.svg]
[dmitryvolkov.me/demo/flixgo2.0/main/img/gallery/project-6.jpg]
[dmitryvolkov.me/demo/flixgo2.0/main/img/gallery/project-2.jpg]
[dmitryvolkov.me/demo/flixgo2.0/main/img/film.svg]
[dmitryvolkov.me/demo/flixgo2.0/main/img/comments.svg]
[dmitryvolkov.me/demo/flixgo2.0/main/img/star-half-alt.svg]
[dmitryvolkov.me/demo/flixgo2.0/main/catalog.55.delayed]
[dmitryvolkov.me/demo/flixgo2.0/main/reviews.56.delayed]
[dmitryvolkov.me/demo/flixgo2.0/main/profile.html]
[dmitryvolkov.me/demo/flixgo2.0/main/signin.html]
[dmitryvolkov.me/demo/flixgo2.0/main/signup.html]
[dmitryvolkov.me/demo/flixgo2.0/main/forgot.html]
[dmitryvolkov.me/demo/flixgo2.0/main/privacy.html]
[dmitryvolkov.me/demo/flixgo2.0/main/contacts.html]
[dmitryvolkov.me/demo/flixgo2.0/main/404.html]
[dmitryvolkov.me/demo/flixgo2.0/main/img/Download_on_the_App_Store_Badge.svg]
[dmitryvolkov.me/demo/flixgo2.0/main/css/owl.video.play.html]
[dmitryvolkov.me/demo/flixgo2.0/main/css/mCSB_buttons.html]
[dmitryvolkov.me/demo/flixgo2.0/main/css/default-skin.html]
[dmitryvolkov.me/demo/flixgo2.0/main/css/default-skin-2.html]
[dmitryvolkov.me/demo/flixgo2.0/main/css/preloader.html]
[dmitryvolkov.me/demo/flixgo2.0/main/img/ellipsis-h.svg]
[dmitryvolkov.me/demo/flixgo2.0/main/img/arrow-right.svg]
[dmitryvolkov.me/demo/flixgo2.0/main/img/star.svg]
[dmitryvolkov.me/demo/flixgo2.0/main/img/angle-down.svg]
[dmitryvolkov.me/demo/flixgo2.0/main/img/check.svg]
[dmitryvolkov.me/demo/flixgo2.0/main/img/play.svg]
[dmitryvolkov.me/demo/flixgo2.0/main/img/multiply.svg]
[dmitryvolkov.me/demo/flixgo2.0/main/img/expand-arrows.svg]
[dmitryvolkov.me/demo/flixgo2.0/main/img/compress-arrows.svg]
[dmitryvolkov.me/demo/flixgo2.0/main/img/arrow-left.html]
[dmitryvolkov.me/demo/flixgo2.0/main/img/user.svg]
[dmitryvolkov.me/demo/flixgo2.0/main/img/credit-card.svg]
[dmitryvolkov.me/demo/flixgo2.0/main/img/film.svg]
[dmitryvolkov.me/demo/flixgo2.0/main/img/comments.svg]
[dmitryvolkov.me/demo/flixgo2.0/main/img/star-half-alt.svg]
[dmitryvolkov.me/demo/flixgo2.0/main/catalog.html]
[dmitryvolkov.me/demo/flixgo2.0/main/reviews.html]
